client,available,held,total,locked
1,3.0959,0,3.0959,false
